не могу из вне подключиться к 192.168.1.29:8080
после выполнения на ней команды:
uvicorn main:app --reload --port 8080

uvicorn main:app --host 0.0.0.0 --port 8080 --reload